// Jest Snapshot v1, https://goo.gl/fbAQLP

exports[`matches snapshot 1`] = `
<DocumentFragment>
  <div
    align="center"
    class="MuiContainer-root MuiContainer-maxWidthSm css-ead4d9-MuiContainer-root"
  >
    <div
      class="MuiBox-root css-1yciqgl"
    >
      <h1
        class="MuiTypography-root MuiTypography-h4 css-1oih086-MuiTypography-root"
      >
        Login to FitFam
      </h1>
      <form
        class="MuiBox-root css-1yuhvjn"
      >
        <div
          class="MuiFormControl-root MuiFormControl-marginNormal MuiFormControl-fullWidth MuiTextField-root css-17vbkzs-MuiFormControl-root-MuiTextField-root"
        >
          <label
            class="MuiInputLabel-root MuiInputLabel-formControl MuiInputLabel-animated MuiInputLabel-shrink MuiInputLabel-outlined MuiFormLabel-root MuiFormLabel-colorPrimary Mui-focused Mui-required css-1sumxir-MuiFormLabel-root-MuiInputLabel-root"
            data-shrink="true"
            for="email"
            id="email-label"
          >
            Email Address
            <span
              aria-hidden="true"
              class="MuiInputLabel-asterisk MuiFormLabel-asterisk css-wgai2y-MuiFormLabel-asterisk"
            >
               *
            </span>
          </label>
          <div
            class="MuiOutlinedInput-root MuiInputBase-root MuiInputBase-colorPrimary MuiInputBase-fullWidth Mui-focused MuiInputBase-formControl css-md26zr-MuiInputBase-root-MuiOutlinedInput-root"
          >
            <input
              aria-invalid="false"
              class="MuiOutlinedInput-input MuiInputBase-input css-1t8l2tu-MuiInputBase-input-MuiOutlinedInput-input"
              id="email"
              name="email"
              required=""
              type="text"
              value=""
            />
            <fieldset
              aria-hidden="true"
              class="MuiOutlinedInput-notchedOutline css-1d3z3hw-MuiOutlinedInput-notchedOutline"
            >
              <legend
                class="css-7nxzgd"
              >
                <span>
                  Email Address *
                </span>
              </legend>
            </fieldset>
          </div>
        </div>
        <div
          class="MuiFormControl-root MuiFormControl-marginNormal MuiFormControl-fullWidth MuiTextField-root css-17vbkzs-MuiFormControl-root-MuiTextField-root"
        >
          <label
            class="MuiInputLabel-root MuiInputLabel-formControl MuiInputLabel-animated MuiInputLabel-outlined MuiFormLabel-root MuiFormLabel-colorPrimary Mui-required css-14s5rfu-MuiFormLabel-root-MuiInputLabel-root"
            data-shrink="false"
            for="password"
            id="password-label"
          >
            Password
            <span
              aria-hidden="true"
              class="MuiInputLabel-asterisk MuiFormLabel-asterisk css-wgai2y-MuiFormLabel-asterisk"
            >
               *
            </span>
          </label>
          <div
            class="MuiOutlinedInput-root MuiInputBase-root MuiInputBase-colorPrimary MuiInputBase-fullWidth MuiInputBase-formControl css-md26zr-MuiInputBase-root-MuiOutlinedInput-root"
          >
            <input
              aria-invalid="false"
              class="MuiOutlinedInput-input MuiInputBase-input css-1t8l2tu-MuiInputBase-input-MuiOutlinedInput-input"
              id="password"
              name="password"
              required=""
              type="password"
              value=""
            />
            <fieldset
              aria-hidden="true"
              class="MuiOutlinedInput-notchedOutline css-1d3z3hw-MuiOutlinedInput-notchedOutline"
            >
              <legend
                class="css-1g8cwq9"
              >
                <span>
                  Password *
                </span>
              </legend>
            </fieldset>
          </div>
        </div>
        <button
          class="MuiButton-root MuiButton-contained MuiButton-containedPrimary MuiButton-sizeLarge MuiButton-containedSizeLarge MuiButtonBase-root  css-isfcrp-MuiButtonBase-root-MuiButton-root"
          tabindex="0"
          type="submit"
        >
          Login
          <span
            class="MuiTouchRipple-root css-8je8zh-MuiTouchRipple-root"
          />
        </button>
      </form>
    </div>
  </div>
</DocumentFragment>
`;
