// Jest Snapshot v1, https://goo.gl/fbAQLP

exports[`matches snapshot 1`] = `
<DocumentFragment>
  <div
    class="MuiBox-root css-0"
  >
    <div
      class="MuiFormControl-root MuiTextField-root css-fuzc6w-MuiFormControl-root-MuiTextField-root"
    >
      <label
        class="MuiInputLabel-root MuiInputLabel-formControl MuiInputLabel-animated MuiInputLabel-shrink MuiInputLabel-outlined MuiFormLabel-root MuiFormLabel-colorPrimary MuiFormLabel-filled css-1sumxir-MuiFormLabel-root-MuiInputLabel-root"
        data-shrink="true"
        for="primFamId"
        id="primFamId-label"
      >
        Select FitFam
      </label>
      <div
        class="MuiOutlinedInput-root MuiInputBase-root MuiInputBase-colorPrimary MuiInputBase-formControl css-9ddj71-MuiInputBase-root-MuiOutlinedInput-root"
        style="font-size: 20px;"
        variant="outlined"
      >
        <div
          aria-expanded="false"
          aria-haspopup="listbox"
          aria-labelledby="primFamId-label primFamId"
          class="MuiSelect-select MuiSelect-outlined MuiOutlinedInput-input MuiInputBase-input css-11u53oe-MuiSelect-select-MuiInputBase-input-MuiOutlinedInput-input"
          id="primFamId"
          role="button"
          tabindex="0"
        >
          Family 1
        </div>
        <input
          aria-hidden="true"
          class="MuiSelect-nativeInput css-yf8vq0-MuiSelect-nativeInput"
          tabindex="-1"
          value="1"
        />
        <svg
          aria-hidden="true"
          class="MuiSvgIcon-root MuiSvgIcon-fontSizeMedium MuiSelect-icon MuiSelect-iconOutlined css-hfutr2-MuiSvgIcon-root-MuiSelect-icon"
          data-testid="ArrowDropDownIcon"
          focusable="false"
          viewBox="0 0 24 24"
        >
          <path
            d="M7 10l5 5 5-5z"
          />
        </svg>
        <fieldset
          aria-hidden="true"
          class="MuiOutlinedInput-notchedOutline css-1d3z3hw-MuiOutlinedInput-notchedOutline"
        >
          <legend
            class="css-7nxzgd"
          >
            <span>
              Select FitFam
            </span>
          </legend>
        </fieldset>
      </div>
    </div>
  </div>
</DocumentFragment>
`;
